[33mΓ¥»[39m Building...
[32mΓ£ö[39m Building...
Application bundle generation failed. [1.604 seconds] - 2026-03-08T14:48:44.368Z

node.exe : [1m[31m[31mX 
[41;31m[[41;97mERROR[41;
31m][0m [1mCould not 
resolve "@angular/animation
s/browser"[0m
At C:\Users\Admin\AppData\R
oaming\npm\ng.ps1:24 char:5
+     & "node$exe"  "$based
ir/node_modules/@angular/cl
i/bin/ng.js" $arg ...
+     ~~~~~~~~~~~~~~~~~~~~~
~~~~~~~~~~~~~~~~~~~~~~~~~~~
~~~~~~~~~~~~~~~~~
    + CategoryInfo         
     : NotSpecified: ([1  
  m[31m[31mX...ns/brow   
 ser"[0m:String) [], R    
emoteException
    + FullyQualifiedErrorI 
   d : NativeCommandError
 

    node_modules/@angular/p
latform-browser/fesm2022/an
imations/async.mjs:54:53:
[37m      54 Γöé 
....moduleImpl ?? import([
32m'@angular/animations/bro
wser'[37m).then(m => m);
         Γò╡               
           [32m~~~~~~~~~~~
~~~~~~~~~~~~~~~~~~[0m

  You can mark the path "@a
ngular/animations/browser" 
as external to exclude it 
from the bundle, which 
will remove this error and 
leave the unresolved path 
in the bundle. You can 
also add ".catch()" here 
to handle this failure at 
run-time instead of 
bundle-time.

[39m[22m
