
> library-management-angular@0.0.0 build
> ng build

[33mΓ¥»[39m Building...
[32mΓ£ö[39m Building...
Application bundle generation failed. [1.326 seconds] - 2026-03-08T09:55:54.797Z

node.exe : [1m[31m[31mX [
41;31m[[41;97mERROR[41;31m]
[0m [1mNG8002: Can't bind 
to 'formGroup' since it 
isn't a known property of 
'form'.[0m [1m[35m[plugin 
angular-compiler][0m
At line:1 char:1
+ & "C:\Program 
Files\nodejs/node.exe" 
"C:\Program 
Files\nodejs/node_mo ...
+ ~~~~~~~~~~~~~~~~~~~~~~~~~~~
~~~~~~~~~~~~~~~~~~~~~~~~~~~~~
~~~~~~~~~~~~~
    + CategoryInfo           
   : NotSpecified: ([1m[3  
  1m[31mX...r-compiler][   
 0m:String) [], RemoteExc    
eption
    + FullyQualifiedErrorId  
   : NativeCommandError
 

    src/app/components/borrow
-book/borrow-book.html:4:8:
[37m      4 Γöé   <form [32
m[formGroup]="borrowForm"[37
m style="margin-bottom: 
25px; backgr...
        Γò╡         [32m~~~~
~~~~~~~~~~~~~~~~~~~~[0m

  Error occurs in the 
template of component 
BorrowBookComponent.

    src/app/components/borrow
-book/borrow-book.ts:11:15:
[37m      11 Γöé   
templateUrl: [32m'./borrow-b
ook.html'[37m
         Γò╡                
[32m~~~~~~~~~~~~~~~~~~~~[0m


[31mX [41;31m[[41;97mERROR
[41;31m][0m [1mTS2339: 
Property 'borrowForm' does 
not exist on type 
'BorrowBookComponent'.[0m 
[1m[35m[plugin 
angular-compiler][0m

    src/app/components/borrow
-book/borrow-book.html:4:21:
[37m      4 Γöé   <form [for
mGroup]="[32mborrowForm[37m
" style="margin-bottom: 
25px; backgr...
        Γò╡                  
    [32m~~~~~~~~~~[0m

  Error occurs in the 
template of component 
BorrowBookComponent.

    src/app/components/borrow
-book/borrow-book.ts:11:15:
[37m      11 Γöé   
templateUrl: [32m'./borrow-b
ook.html'[37m
         Γò╡                
[32m~~~~~~~~~~~~~~~~~~~~[0m


[31mX [41;31m[[41;97mERROR
[41;31m][0m [1mTS2339: 
Property 'borrowForm' does 
not exist on type 
'BorrowBookComponent'.[0m 
[1m[35m[plugin 
angular-compiler][0m

    src/app/components/borrow
-book/borrow-book.html:10:18:
[37m      10 Γöé       <div 
*ngIf="[32mborrowForm[37m.g
et('memberId')?.invalid && 
borrowFor...
         Γò╡                 
  [32m~~~~~~~~~~[0m

  Error occurs in the 
template of component 
BorrowBookComponent.

    src/app/components/borrow
-book/borrow-book.ts:11:15:
[37m      11 Γöé   
templateUrl: [32m'./borrow-b
ook.html'[37m
         Γò╡                
[32m~~~~~~~~~~~~~~~~~~~~[0m


[31mX [41;31m[[41;97mERROR
[41;31m][0m [1mTS2339: 
Property 'borrowForm' does 
not exist on type 
'BorrowBookComponent'.[0m 
[1m[35m[plugin 
angular-compiler][0m

    src/app/components/borrow
-book/borrow-book.html:10:57:
[37m      10 Γöé 
...et('memberId')?.invalid 
&& [32mborrowForm[37m.get('
memberId')?.touched"...
         Γò╡                 
              
[32m~~~~~~~~~~[0m

  Error occurs in the 
template of component 
BorrowBookComponent.

    src/app/components/borrow
-book/borrow-book.ts:11:15:
[37m      11 Γöé   
templateUrl: [32m'./borrow-b
ook.html'[37m
         Γò╡                
[32m~~~~~~~~~~~~~~~~~~~~[0m


[31mX [41;31m[[41;97mERROR
[41;31m][0m [1mTS2345: 
Argument of type 'Book' is 
not assignable to parameter 
of type 'number'.[0m 
[1m[35m[plugin 
angular-compiler][0m

    src/app/components/borrow
-book/borrow-book.html:32:32:
[37m      32 Γöé         
<button (click)="borrow([32m
b[37m)" 
[disabled]="!b.isAvailable 
|| ...
         Γò╡                 
                [32m^[0m

  Error occurs in the 
template of component 
BorrowBookComponent.

    src/app/components/borrow
-book/borrow-book.ts:11:15:
[37m      11 Γöé   
templateUrl: [32m'./borrow-b
ook.html'[37m
         Γò╡                
[32m~~~~~~~~~~~~~~~~~~~~[0m


[31mX [41;31m[[41;97mERROR
[41;31m][0m [1mTS2339: 
Property 'borrowForm' does 
not exist on type 
'BorrowBookComponent'.[0m 
[1m[35m[plugin 
angular-compiler][0m

    src/app/components/borrow
-book/borrow-book.html:32:66:
[37m      32 Γöé 
...ick)="borrow(b)" 
[disabled]="!b.isAvailable 
|| 
[32mborrowForm[37m.invalid"
         Γò╡                 
                             
     [32m~~~~~~~~~~[0m

  Error occurs in the 
template of component 
BorrowBookComponent.

    src/app/components/borrow
-book/borrow-book.ts:11:15:
[37m      11 Γöé   
templateUrl: [32m'./borrow-b
ook.html'[37m
         Γò╡                
[32m~~~~~~~~~~~~~~~~~~~~[0m


[31mX [41;31m[[41;97mERROR
[41;31m][0m [1mTS2339: 
Property 'borrowForm' does 
not exist on type 
'BorrowBookComponent'.[0m 
[1m[35m[plugin 
angular-compiler][0m

    src/app/components/borrow
-book/borrow-book.html:33:60:
[37m      33 Γöé 
...-color]="(b.isAvailable 
&& 
[32mborrowForm[37m.valid) 
? '#28a745' : '#e9...
         Γò╡                 
              
[32m~~~~~~~~~~[0m

  Error occurs in the 
template of component 
BorrowBookComponent.

    src/app/components/borrow
-book/borrow-book.ts:11:15:
[37m      11 Γöé   
templateUrl: [32m'./borrow-b
ook.html'[37m
         Γò╡                
[32m~~~~~~~~~~~~~~~~~~~~[0m


[31mX [41;31m[[41;97mERROR
[41;31m][0m [1mTS2740: 
Type 'Observable<Book[]>' is 
missing the following 
properties from type 
'Book[]': length, pop, push, 
concat, and 28 more.[0m 
[1m[35m[plugin 
angular-compiler][0m

    src/app/components/borrow
-book/borrow-book.ts:20:4:
[37m      20 Γöé     
[32mthis.books[37m = 
this.bookService.getBooks();
         Γò╡     
[32m~~~~~~~~~~[0m


[31mX [41;31m[[41;97mERROR
[41;31m][0m [1mTS2554: 
Expected 2 arguments, but 
got 1.[0m [1m[35m[plugin 
angular-compiler][0m

    src/app/components/borrow
-book/borrow-book.ts:32:21:
[37m      32 Γöé     this.bo
okService.[32mborrowBook[37
m(id);
         Γò╡                 
     [32m~~~~~~~~~~[0m

  An argument for 'book' was 
not provided.

    src/app/services/book.ts:
26:25:
[37m      26 Γöé   
borrowBook(id: number, 
[32mbook: Book[37m): 
Observable<Book> {
         Γò╡                 
         [32m~~~~~~~~~~[0m


[31mX [41;31m[[41;97mERROR
[41;31m][0m [1mTS2740: 
Type 'Observable<Book[]>' is 
missing the following 
properties from type 
'Book[]': length, pop, push, 
concat, and 28 more.[0m 
[1m[35m[plugin 
angular-compiler][0m

    src/app/components/borrow
-book/borrow-book.ts:33:4:
[37m      33 Γöé     
[32mthis.books[37m = 
this.bookService.getBooks();
         Γò╡     
[32m~~~~~~~~~~[0m

[39m[22m
